// Jest Snapshot v1, https://goo.gl/fbAQLP

exports[`<Button /> should match snapshot file 1`] = `
<DocumentFragment>
  <button
    class="sc-AxjAm gpyKgC"
  >
    Teste
  </button>
</DocumentFragment>
`;
